[Licensing::Module] Trying to connect to existing licensing client channel...
Built from '6000.5/staging' branch; Version is '6000.5.4f1 (d550df8bd089) revision 13979871'; Using compiler version '194234433'; Build Type 'Release'
[Licensing::IpcConnector] Successfully connected to: "LicenseClient-USER" at "2026-10-07T12:38:59.3893879Z"
OS: 'Windows 11  (10.0.26200) Core' Language: 'ko' Physical Memory: 16241 MB
BatchMode: 1, IsHumanControllingUs: 0, StartBugReporterOnCrash: 0, Is64bit: 1
System  architecture: x64
Process architecture: x64
Date: 2026-10-07T12:38:59Z
[Licensing::Client] Code 10 while verifying Licensing Client signature (process Id: 7144, path: "C:/Program Files/Unity Hub/UnityLicensingClient_V1/Unity.Licensing.Client.exe")
[Licensing::Module] LicensingClient has failed validation; ignoring
[Licensing::Client] Handshaking with LicensingClient:
  Version:                 1.18.3+d7ffd15
  Session Id:              2939de90092c4df895609ac446a4b97f
  Correlation Id:          a468fd1cbf86aae60c137dec7fedf9f3
  External correlation Id: 3580470242589428978
  Machine Id:              dzv59cQQhJZZZgWXzuVNtoQUpAM=
[Licensing::Module] Successfully connected to LicensingClient on channel: "LicenseClient-USER" (connect: 0.00s, validation: 0.00s, handshake: 0.05s)
[Licensing::IpcConnector] Successfully connected to: "LicenseClient-USER-notifications" at "2026-10-07T12:38:59.4465164Z"
[Licensing::Module] Error: Access token is unavailable; failed to update
[Licensing::Client] Successfully resolved entitlement details
[Licensing::Module] License group:
  Id: 14569749871206-UnityPersXXXX
  Product: Unity Personal
  Type: Assigned
  Expiration: Unlimited
[Licensing::Client] Successfully updated license, isAsync: True, time: 0.00
[Licensing::Client] Successfully resolved entitlement details
[Licensing::Module] Licensing Background thread has ended after 0.07s

COMMAND LINE ARGUMENTS:
C:\Program Files\Unity\Hub\Editor\6000.5.4f1\Editor\Unity.exe
-batchmode
-quit
-nographics
-projectPath
C:\Users\soss3\OneDrive\문서\GitHub\MARCO-
-logFile
C:\Users\soss3\OneDrive\문서\GitHub\MARCO-\Logs\dummy-compile-verification.log
Successfully changed project path to: C:\Users\soss3\OneDrive\문서\GitHub\MARCO-
C:/Users/soss3/OneDrive/문서/GitHub/MARCO-
Exiting without the bug reporter. Application will terminate with return code 1