[Licensing::Module] Trying to connect to existing licensing client channel...
Built from '6000.5/staging' branch; Version is '6000.5.4f1 (d550df8bd089) revision 13979871'; Using compiler version '194234433'; Build Type 'Release'
[Licensing::IpcConnector] Connection to channel LicenseClient-USER refused
OS: 'Windows 11  (10.0.26200) Core' Language: 'ko' Physical Memory: 16241 MB
BatchMode: 1, IsHumanControllingUs: 0, StartBugReporterOnCrash: 0, Is64bit: 1
System  architecture: x64
Process architecture: x64
Date: 2026-10-07T11:33:30Z
Assertion failed on expression: 'SUCCEEDED(hr)'
Assertion failed on expression: 'SUCCEEDED(hr)'
Assertion failed on expression: 'ERROR_SUCCESS == status'

COMMAND LINE ARGUMENTS:
C:\Program Files\Unity\Hub\Editor\6000.5.4f1\Editor\Unity.exe
-batchmode
-quit
-nographics
-projectPath
C:\Users\soss3\OneDrive\문서\GitHub\MARCO-
-logFile
C:\Users\soss3\OneDrive\문서\GitHub\MARCO-\Logs\prototype-compile.log
Successfully changed project path to: C:\Users\soss3\OneDrive\문서\GitHub\MARCO-
C:/Users/soss3/OneDrive/문서/GitHub/MARCO-
Exiting without the bug reporter. Application will terminate with return code 1